==85461== Memcheck, a memory error detector
==85461== Copyright (C) 2002-2017, and GNU GPL'd, by Julian Seward et al.
==85461== Using Valgrind-3.15.0 and LibVEX; rerun with -h for copyright info
==85461== Command: ./bomberman
==85461==
==85461==
==85461== Process terminating with default action of signal 2 (SIGINT)
==85461==    at 0x401EF56: __open_nocancel (open64_nocancel.c:45)
==85461==    by 0x40083BA: open_verify.constprop.0 (dl-load.c:1536)
==85461==    by 0x4008C15: open_path (dl-load.c:1827)
==85461==    by 0x400A7A2: _dl_map_object (dl-load.c:2067)
==85461==    by 0x400F504: openaux (dl-deps.c:64)
==85461==    by 0x4D3E8B7: _dl_catch_exception (dl-error-skeleton.c:208)
==85461==    by 0x400F952: _dl_map_object_deps (dl-deps.c:248)
==85461==    by 0x4015D9F: dl_open_worker (dl-open.c:571)
==85461==    by 0x4D3E8B7: _dl_catch_exception (dl-error-skeleton.c:208)
==85461==    by 0x40155F9: _dl_open (dl-open.c:837)
==85461==    by 0x49D834B: dlopen_doit (dlopen.c:66)
==85461==    by 0x4D3E8B7: _dl_catch_exception (dl-error-skeleton.c:208)
==85461==
==85461== HEAP SUMMARY:
==85461==     in use at exit: 263,825 bytes in 1,271 blocks
==85461==   total heap usage: 3,240 allocs, 1,969 frees, 15,932,883 bytes allocated
==85461==
==85461== LEAK SUMMARY:
==85461==    definitely lost: 408 bytes in 1 blocks
==85461==    indirectly lost: 0 bytes in 0 blocks
==85461==      possibly lost: 160 bytes in 2 blocks
==85461==    still reachable: 263,257 bytes in 1,268 blocks
==85461==         suppressed: 0 bytes in 0 blocks
==85461== Rerun with --leak-check=full to see details of leaked memory
==85461==
==85461== For lists of detected and suppressed errors, rerun with: -s
==85461== ERROR SUMMARY: 0 errors from 0 contexts (suppressed: 0 from 0)
